
> my-app@0.1.0 build
> next build

Γû▓ Next.js 16.1.6 (Turbopack)

  Creating an optimized production build ...
node.exe : 
At line:1 char:1
+ & "C:\Program 
Files\nodejs/node.exe" 
"C:\Program 
Files\nodejs/node_mo 
...
+ ~~~~~~~~~~~~~~~~~~~~~
~~~~~~~~~~~~~~~~~~~~~~~
~~~~~~~~~~~~~~~~~~~~~~~
~~
    + CategoryInfo     
         : 
NotSpecified    : 
(:String) [], Rem    
oteException
    + 
FullyQualifiedErr    
orId : NativeComman    
dError
 
> Build error occurred
Error: Turbopack build 
failed with 2 errors:
./src/components/Skills
.tsx:4:1
Export SiCss3 doesn't 
exist in target module
[0m [90m  2 |[39m
 [90m  3 |[39m 
[36mimport[39m { 
motion } 
[36mfrom[39m [32m"fr
amer-motion"[39m[33m;
[39m
[31m[1m>[22m[39m[9
0m  4 |[39m 
[36mimport[39m { 
 [90m    |[39m [31m
[1m^[22m[39m[31m[1m
^[22m[39m[31m[1m^[
22m[39m[31m[1m^[22m
[39m[31m[1m^[22m[3
9m[31m[1m^[22m[39m
[31m[1m^[22m[39m[31
m[1m^[22m[39m[31m[
1m^[22m[39m
[31m[1m>[22m[39m[9
0m  5 |[39m   [33mSiH
tml5[39m[33m,[39m [
33mSiCss3[39m[33m,[3
9m [33mSiJavascript[3
9m[33m,[39m [33mSiPh
p[39m[33m,[39m 
 [90m    |[39m [31m
[1m^[22m[39m[31m[1m
^[22m[39m[31m[1m^[
22m[39m[31m[1m^[22m
[39m[31m[1m^[22m[3
9m[31m[1m^[22m[39m
[31m[1m^[22m[39m[31
m[1m^[22m[39m[31m[
1m^[22m[39m[31m[1m^
[22m[39m[31m[1m^[2
2m[39m[31m[1m^[22m
[39m[31m[1m^[22m[39
m[31m[1m^[22m[39m[
31m[1m^[22m[39m[31m
[1m^[22m[39m[31m[1
m^[22m[39m[31m[1m^
[22m[39m[31m[1m^[22
m[39m[31m[1m^[22m[
39m[31m[1m^[22m[39m
[31m[1m^[22m[39m[3
1m[1m^[22m[39m[31m
[1m^[22m[39m[31m[1m
^[22m[39m[31m[1m^[
22m[39m[31m[1m^[22m
[39m[31m[1m^[22m[3
9m[31m[1m^[22m[39m
[31m[1m^[22m[39m[31
m[1m^[22m[39m[31m[
1m^[22m[39m[31m[1m^
[22m[39m[31m[1m^[2
2m[39m[31m[1m^[22m
[39m[31m[1m^[22m[39
m[31m[1m^[22m[39m[
31m[1m^[22m[39m[31m
[1m^[22m[39m[31m[1
m^[22m[39m
[31m[1m>[22m[39m[9
0m  6 |[39m   [33mSiL
aravel[39m[33m,[39m 
[33mSiReact[39m[33m,
[39m [33mSiNextdotjs
[39m[33m,[39m [33mSi
Mysql[39m[33m,[39m 
 [90m    |[39m [31m
[1m^[22m[39m[31m[1m
^[22m[39m[31m[1m^[
22m[39m[31m[1m^[22m
[39m[31m[1m^[22m[3
9m[31m[1m^[22m[39m
[31m[1m^[22m[39m[31
m[1m^[22m[39m[31m[
1m^[22m[39m[31m[1m^
[22m[39m[31m[1m^[2
2m[39m[31m[1m^[22m
[39m[31m[1m^[22m[39
m[31m[1m^[22m[39m[
31m[1m^[22m[39m[31m
[1m^[22m[39m[31m[1
m^[22m[39m[31m[1m^
[22m[39m[31m[1m^[22
m[39m[31m[1m^[22m[
39m[31m[1m^[22m[39m
[31m[1m^[22m[39m[3
1m[1m^[22m[39m[31m
[1m^[22m[39m[31m[1m
^[22m[39m[31m[1m^[
22m[39m[31m[1m^[22m
[39m[31m[1m^[22m[3
9m[31m[1m^[22m[39m
[31m[1m^[22m[39m[31
m[1m^[22m[39m[31m[
1m^[22m[39m[31m[1m^
[22m[39m[31m[1m^[2
2m[39m[31m[1m^[22m
[39m[31m[1m^[22m[39
m[31m[1m^[22m[39m[
31m[1m^[22m[39m[31m
[1m^[22m[39m[31m[1
m^[22m[39m
[31m[1m>[22m[39m[9
0m  7 |[39m   [33mSiG
it[39m[33m,[39m 
[33mSiGithub[39m 
 [90m    |[39m [31m
[1m^[22m[39m[31m[1m
^[22m[39m[31m[1m^[
22m[39m[31m[1m^[22m
[39m[31m[1m^[22m[3
9m[31m[1m^[22m[39m
[31m[1m^[22m[39m[31
m[1m^[22m[39m[31m[
1m^[22m[39m[31m[1m^
[22m[39m[31m[1m^[2
2m[39m[31m[1m^[22m
[39m[31m[1m^[22m[39
m[31m[1m^[22m[39m[
31m[1m^[22m[39m[31m
[1m^[22m[39m[31m[1
m^[22m[39m[31m[1m^
[22m[39m[31m[1m^[22
m[39m[31m[1m^[22m[
39m[31m[1m^[22m[39m
[31m[1m^[22m[39m[3
1m[1m^[22m[39m[31m
[1m^[22m[39m[31m[1m
^[22m[39m[31m[1m^[
22m[39m[31m[1m^[22m
[39m[31m[1m^[22m[3
9m[31m[1m^[22m[39m
[31m[1m^[22m[39m[31
m[1m^[22m[39m[31m[
1m^[22m[39m[31m[1m^
[22m[39m[31m[1m^[2
2m[39m[31m[1m^[22m
[39m[31m[1m^[22m[39
m[31m[1m^[22m[39m[
31m[1m^[22m[39m[31m
[1m^[22m[39m[31m[1
m^[22m[39m
[31m[1m>[22m[39m[9
0m  8 |[39m } 
[36mfrom[39m [32m"re
act-icons/si"[39m[33m
;[39m
 [90m    |[39m [31m
[1m^[22m[39m[31m[1m
^[22m[39m[31m[1m^[
22m[39m[31m[1m^[22m
[39m[31m[1m^[22m[3
9m[31m[1m^[22m[39m
[31m[1m^[22m[39m[31
m[1m^[22m[39m[31m[
1m^[22m[39m[31m[1m^
[22m[39m[31m[1m^[2
2m[39m[31m[1m^[22m
[39m[31m[1m^[22m[39
m[31m[1m^[22m[39m[
31m[1m^[22m[39m[31m
[1m^[22m[39m[31m[1
m^[22m[39m[31m[1m^
[22m[39m[31m[1m^[22
m[39m[31m[1m^[22m[
39m[31m[1m^[22m[39m
[31m[1m^[22m[39m[3
1m[1m^[22m[39m[31m
[1m^[22m[39m[31m[1m
^[22m[39m
 [90m  9 |[39m
 [90m 10 |[39m 
[36mconst[39m skills 
[33m=[39m [
 [90m 11 |[39m   { 
name[33m:[39m [32m"H
TML"[39m[33m,[39m 
icon[33m:[39m [33mSi
Html5[39m[33m,[39m 
color[33m:[39m 
[32m"#E34F26"[39m 
}[33m,[39m[0m

The export SiCss3 was 
not found in module [pr
oject]/node_modules/rea
ct-icons/si/index.mjs 
[app-client] 
(ecmascript).
Did you mean to import 
SiCss?
All exports of the 
module are statically 
known (It doesn't have 
dynamic exports). So 
it's known statically 
that the requested 
export doesn't exist.

Import trace:
  Server Component:
    ./src/components/Sk
ills.tsx
    ./src/app/page.tsx


./src/components/Skills
.tsx:4:1
Export SiCss3 doesn't 
exist in target module
[0m [90m  2 |[39m
 [90m  3 |[39m 
[36mimport[39m { 
motion } 
[36mfrom[39m [32m"fr
amer-motion"[39m[33m;
[39m
[31m[1m>[22m[39m[9
0m  4 |[39m 
[36mimport[39m { 
 [90m    |[39m [31m
[1m^[22m[39m[31m[1m
^[22m[39m[31m[1m^[
22m[39m[31m[1m^[22m
[39m[31m[1m^[22m[3
9m[31m[1m^[22m[39m
[31m[1m^[22m[39m[31
m[1m^[22m[39m[31m[
1m^[22m[39m
[31m[1m>[22m[39m[9
0m  5 |[39m   [33mSiH
tml5[39m[33m,[39m [
33mSiCss3[39m[33m,[3
9m [33mSiJavascript[3
9m[33m,[39m [33mSiPh
p[39m[33m,[39m 
 [90m    |[39m [31m
[1m^[22m[39m[31m[1m
^[22m[39m[31m[1m^[
22m[39m[31m[1m^[22m
[39m[31m[1m^[22m[3
9m[31m[1m^[22m[39m
[31m[1m^[22m[39m[31
m[1m^[22m[39m[31m[
1m^[22m[39m[31m[1m^
[22m[39m[31m[1m^[2
2m[39m[31m[1m^[22m
[39m[31m[1m^[22m[39
m[31m[1m^[22m[39m[
31m[1m^[22m[39m[31m
[1m^[22m[39m[31m[1
m^[22m[39m[31m[1m^
[22m[39m[31m[1m^[22
m[39m[31m[1m^[22m[
39m[31m[1m^[22m[39m
[31m[1m^[22m[39m[3
1m[1m^[22m[39m[31m
[1m^[22m[39m[31m[1m
^[22m[39m[31m[1m^[
22m[39m[31m[1m^[22m
[39m[31m[1m^[22m[3
9m[31m[1m^[22m[39m
[31m[1m^[22m[39m[31
m[1m^[22m[39m[31m[
1m^[22m[39m[31m[1m^
[22m[39m[31m[1m^[2
2m[39m[31m[1m^[22m
[39m[31m[1m^[22m[39
m[31m[1m^[22m[39m[
31m[1m^[22m[39m[31m
[1m^[22m[39m[31m[1
m^[22m[39m
[31m[1m>[22m[39m[9
0m  6 |[39m   [33mSiL
aravel[39m[33m,[39m 
[33mSiReact[39m[33m,
[39m [33mSiNextdotjs
[39m[33m,[39m [33mSi
Mysql[39m[33m,[39m 
 [90m    |[39m [31m
[1m^[22m[39m[31m[1m
^[22m[39m[31m[1m^[
22m[39m[31m[1m^[22m
[39m[31m[1m^[22m[3
9m[31m[1m^[22m[39m
[31m[1m^[22m[39m[31
m[1m^[22m[39m[31m[
1m^[22m[39m[31m[1m^
[22m[39m[31m[1m^[2
2m[39m[31m[1m^[22m
[39m[31m[1m^[22m[39
m[31m[1m^[22m[39m[
31m[1m^[22m[39m[31m
[1m^[22m[39m[31m[1
m^[22m[39m[31m[1m^
[22m[39m[31m[1m^[22
m[39m[31m[1m^[22m[
39m[31m[1m^[22m[39m
[31m[1m^[22m[39m[3
1m[1m^[22m[39m[31m
[1m^[22m[39m[31m[1m
^[22m[39m[31m[1m^[
22m[39m[31m[1m^[22m
[39m[31m[1m^[22m[3
9m[31m[1m^[22m[39m
[31m[1m^[22m[39m[31
m[1m^[22m[39m[31m[
1m^[22m[39m[31m[1m^
[22m[39m[31m[1m^[2
2m[39m[31m[1m^[22m
[39m[31m[1m^[22m[39
m[31m[1m^[22m[39m[
31m[1m^[22m[39m[31m
[1m^[22m[39m[31m[1
m^[22m[39m
[31m[1m>[22m[39m[9
0m  7 |[39m   [33mSiG
it[39m[33m,[39m 
[33mSiGithub[39m 
 [90m    |[39m [31m
[1m^[22m[39m[31m[1m
^[22m[39m[31m[1m^[
22m[39m[31m[1m^[22m
[39m[31m[1m^[22m[3
9m[31m[1m^[22m[39m
[31m[1m^[22m[39m[31
m[1m^[22m[39m[31m[
1m^[22m[39m[31m[1m^
[22m[39m[31m[1m^[2
2m[39m[31m[1m^[22m
[39m[31m[1m^[22m[39
m[31m[1m^[22m[39m[
31m[1m^[22m[39m[31m
[1m^[22m[39m[31m[1
m^[22m[39m[31m[1m^
[22m[39m[31m[1m^[22
m[39m[31m[1m^[22m[
39m[31m[1m^[22m[39m
[31m[1m^[22m[39m[3
1m[1m^[22m[39m[31m
[1m^[22m[39m[31m[1m
^[22m[39m[31m[1m^[
22m[39m[31m[1m^[22m
[39m[31m[1m^[22m[3
9m[31m[1m^[22m[39m
[31m[1m^[22m[39m[31
m[1m^[22m[39m[31m[
1m^[22m[39m[31m[1m^
[22m[39m[31m[1m^[2
2m[39m[31m[1m^[22m
[39m[31m[1m^[22m[39
m[31m[1m^[22m[39m[
31m[1m^[22m[39m[31m
[1m^[22m[39m[31m[1
m^[22m[39m
[31m[1m>[22m[39m[9
0m  8 |[39m } 
[36mfrom[39m [32m"re
act-icons/si"[39m[33m
;[39m
 [90m    |[39m [31m
[1m^[22m[39m[31m[1m
^[22m[39m[31m[1m^[
22m[39m[31m[1m^[22m
[39m[31m[1m^[22m[3
9m[31m[1m^[22m[39m
[31m[1m^[22m[39m[31
m[1m^[22m[39m[31m[
1m^[22m[39m[31m[1m^
[22m[39m[31m[1m^[2
2m[39m[31m[1m^[22m
[39m[31m[1m^[22m[39
m[31m[1m^[22m[39m[
31m[1m^[22m[39m[31m
[1m^[22m[39m[31m[1
m^[22m[39m[31m[1m^
[22m[39m[31m[1m^[22
m[39m[31m[1m^[22m[
39m[31m[1m^[22m[39m
[31m[1m^[22m[39m[3
1m[1m^[22m[39m[31m
[1m^[22m[39m[31m[1m
^[22m[39m
 [90m  9 |[39m
 [90m 10 |[39m 
[36mconst[39m skills 
[33m=[39m [
 [90m 11 |[39m   { 
name[33m:[39m [32m"H
TML"[39m[33m,[39m 
icon[33m:[39m [33mSi
Html5[39m[33m,[39m 
color[33m:[39m 
[32m"#E34F26"[39m 
}[33m,[39m[0m

The export SiCss3 was 
not found in module [pr
oject]/node_modules/rea
ct-icons/si/index.mjs 
[app-ssr] (ecmascript).
Did you mean to import 
SiCss?
All exports of the 
module are statically 
known (It doesn't have 
dynamic exports). So 
it's known statically 
that the requested 
export doesn't exist.

Import trace:
  Server Component:
    ./src/components/Sk
ills.tsx
    ./src/app/page.tsx


    at <unknown> (./src
/components/Skills.tsx:
4:1)
    at <unknown> (./src
/components/Skills.tsx:
4:1)
